make[1]: Entering directory '/home/ssy/arm-gcc-build/source/gcc-13.2.0/gcc_build-pass1'
make[2]: Entering directory '/home/ssy/arm-gcc-build/source/gcc-13.2.0/gcc_build-pass1/gcc'
rm -rf testsuite/gcc-parallel
make[3]: Entering directory '/home/ssy/arm-gcc-build/source/gcc-13.2.0/gcc_build-pass1/gcc'
(rootme=`${PWDCMD-pwd}`; export rootme; \
srcdir=`cd ../../gcc; ${PWDCMD-pwd}` ; export srcdir ; \
if [ -n "" ] \
   && [ -n "$GCC_RUNTEST_PARALLELIZE_DIR" ] \
   && [ -f testsuite/gcc-parallel/finished ]; then \
  rm -rf testsuite/gcc; \
else \
  cd testsuite/gcc; \
  rm -f tmp-site.exp; \
  sed '/set tmpdir/ s|testsuite$|testsuite/gcc|' \
	< ../../site.exp > tmp-site.exp; \
  /bin/bash ${srcdir}/../move-if-change tmp-site.exp site.exp; \
  EXPECT=`if [ -f ${rootme}/../expect/expect ] ; then echo ${rootme}/../expect/expect ; else echo expect ; fi` ; export EXPECT ; \
  if [ -f ${rootme}/../expect/expect ] ; then  \
    TCL_LIBRARY=`cd .. ; cd ${srcdir}/../tcl/library ; ${PWDCMD-pwd}` ; \
    export TCL_LIBRARY ; \
  fi ; \
  `if [ -f ${srcdir}/../dejagnu/runtest ] ; then echo ${srcdir}/../dejagnu/runtest ; else echo runtest; fi` --tool gcc --target_board=unix-arm ; \
  if [ -n "$GCC_RUNTEST_PARALLELIZE_DIR" ] ; then \
    touch ${rootme}/testsuite/gcc-parallel/finished; \
  fi ; \
fi )
Test run by ssy on Wed Jan 15 10:24:02 2025
Target is arm-unknown-linux-gnueabihf
Host   is x86_64-pc-linux-gnu

		=== gcc tests ===

Schedule of variations:
    unix-arm

Running target unix-arm
ERROR: couldn't load description file for unix-arm
make[3]: Leaving directory '/home/ssy/arm-gcc-build/source/gcc-13.2.0/gcc_build-pass1/gcc'
rm -rf testsuite/g++-parallel
make[3]: Entering directory '/home/ssy/arm-gcc-build/source/gcc-13.2.0/gcc_build-pass1/gcc'
(rootme=`${PWDCMD-pwd}`; export rootme; \
srcdir=`cd ../../gcc; ${PWDCMD-pwd}` ; export srcdir ; \
if [ -n "" ] \
   && [ -n "$GCC_RUNTEST_PARALLELIZE_DIR" ] \
   && [ -f testsuite/g++-parallel/finished ]; then \
  rm -rf testsuite/g++; \
else \
  cd testsuite/g++; \
  rm -f tmp-site.exp; \
  sed '/set tmpdir/ s|testsuite$|testsuite/g++|' \
	< ../../site.exp > tmp-site.exp; \
  /bin/bash ${srcdir}/../move-if-change tmp-site.exp site.exp; \
  EXPECT=`if [ -f ${rootme}/../expect/expect ] ; then echo ${rootme}/../expect/expect ; else echo expect ; fi` ; export EXPECT ; \
  if [ -f ${rootme}/../expect/expect ] ; then  \
    TCL_LIBRARY=`cd .. ; cd ${srcdir}/../tcl/library ; ${PWDCMD-pwd}` ; \
    export TCL_LIBRARY ; \
  fi ; \
  `if [ -f ${srcdir}/../dejagnu/runtest ] ; then echo ${srcdir}/../dejagnu/runtest ; else echo runtest; fi` --tool g++ --target_board=unix-arm ; \
  if [ -n "$GCC_RUNTEST_PARALLELIZE_DIR" ] ; then \
    touch ${rootme}/testsuite/g++-parallel/finished; \
  fi ; \
fi )
Test run by ssy on Wed Jan 15 10:24:02 2025
Target is arm-unknown-linux-gnueabihf
Host   is x86_64-pc-linux-gnu

		=== g++ tests ===

Schedule of variations:
    unix-arm

Running target unix-arm
ERROR: couldn't load description file for unix-arm
make[3]: Leaving directory '/home/ssy/arm-gcc-build/source/gcc-13.2.0/gcc_build-pass1/gcc'
rm -rf testsuite/go-parallel
make[3]: Entering directory '/home/ssy/arm-gcc-build/source/gcc-13.2.0/gcc_build-pass1/gcc'
(rootme=`${PWDCMD-pwd}`; export rootme; \
srcdir=`cd ../../gcc; ${PWDCMD-pwd}` ; export srcdir ; \
if [ -n "" ] \
   && [ -n "$GCC_RUNTEST_PARALLELIZE_DIR" ] \
   && [ -f testsuite/go-parallel/finished ]; then \
  rm -rf testsuite/go; \
else \
  cd testsuite/go; \
  rm -f tmp-site.exp; \
  sed '/set tmpdir/ s|testsuite$|testsuite/go|' \
	< ../../site.exp > tmp-site.exp; \
  /bin/bash ${srcdir}/../move-if-change tmp-site.exp site.exp; \
  EXPECT=`if [ -f ${rootme}/../expect/expect ] ; then echo ${rootme}/../expect/expect ; else echo expect ; fi` ; export EXPECT ; \
  if [ -f ${rootme}/../expect/expect ] ; then  \
    TCL_LIBRARY=`cd .. ; cd ${srcdir}/../tcl/library ; ${PWDCMD-pwd}` ; \
    export TCL_LIBRARY ; \
  fi ; \
  `if [ -f ${srcdir}/../dejagnu/runtest ] ; then echo ${srcdir}/../dejagnu/runtest ; else echo runtest; fi` --tool go --target_board=unix-arm ; \
  if [ -n "$GCC_RUNTEST_PARALLELIZE_DIR" ] ; then \
    touch ${rootme}/testsuite/go-parallel/finished; \
  fi ; \
fi )
Test run by ssy on Wed Jan 15 10:24:03 2025
Target is arm-unknown-linux-gnueabihf
Host   is x86_64-pc-linux-gnu

		=== go tests ===

Schedule of variations:
    unix-arm

Running target unix-arm
ERROR: couldn't load description file for unix-arm
make[3]: Leaving directory '/home/ssy/arm-gcc-build/source/gcc-13.2.0/gcc_build-pass1/gcc'
make[2]: Leaving directory '/home/ssy/arm-gcc-build/source/gcc-13.2.0/gcc_build-pass1/gcc'
make[1]: Leaving directory '/home/ssy/arm-gcc-build/source/gcc-13.2.0/gcc_build-pass1'
